---
source: crates/tyx-tiptap-typst/src/tests.rs
expression: conv(world)
input_file: crates/tyx-tiptap-typst/src/fixtures/integration/outline.typ
---
{
 "type": "doc",
 "content": [
  {
   "type": "heading",
   "content": [
    {
     "type": "text",
     "content": [
      {
       "type": "plain",
       "content": "Contents"
      }
     ]
    }
   ],
   "dir": null,
   "level": 2
  },
  {
   "type": "heading",
   "content": [
    {
     "type": "text",
     "content": [
      {
       "type": "plain",
       "content": "Heading 1"
      }
     ]
    }
   ],
   "dir": null,
   "level": 3
  },
  {
   "type": "heading",
   "content": [
    {
     "type": "text",
     "content": [
      {
       "type": "plain",
       "content": "Heading 2"
      }
     ]
    }
   ],
   "dir": null,
   "level": 4
  },
  {
   "type": "heading",
   "content": [
    {
     "type": "text",
     "content": [
      {
       "type": "plain",
       "content": "Heading 1"
      }
     ]
    }
   ],
   "dir": null,
   "level": 3
  },
  {
   "type": "heading",
   "content": [
    {
     "type": "text",
     "content": [
      {
       "type": "plain",
       "content": "Heading 2"
      }
     ]
    }
   ],
   "dir": null,
   "level": 4
  },
  {
   "type": "paragraph",
   "content": [
    {
     "type": "mark",
     "type": "link",
     "content": [
      {
       "type": "text",
       "content": [
        {
         "type": "plain",
         "content": "This is a link to example.com"
        }
       ]
      }
     ],
     "class": null,
     "href": "https://example.com"
    }
   ],
   "dir": null
  },
  {
   "type": "paragraph",
   "content": [
    {
     "type": "text",
     "content": [
      {
       "type": "plain",
       "content": "Inline"
      }
     ]
    },
    {
     "type": "text",
     "content": [
      {
       "type": "plain",
       "content": " "
      }
     ]
    },
    {
     "type": "mark",
     "type": "code",
     "content": [
      {
       "type": "plain",
       "content": "code"
      }
     ]
    },
    {
     "type": "text",
     "content": [
      {
       "type": "plain",
       "content": " "
      }
     ]
    },
    {
     "type": "text",
     "content": [
      {
       "type": "plain",
       "content": "has"
      }
     ]
    },
    {
     "type": "text",
     "content": [
      {
       "type": "plain",
       "content": " "
      }
     ]
    },
    {
     "type": "mark",
     "type": "code",
     "content": [
      {
       "type": "plain",
       "content": "back-ticks around"
      }
     ]
    },
    {
     "type": "text",
     "content": [
      {
       "type": "plain",
       "content": " "
      }
     ]
    },
    {
     "type": "text",
     "content": [
      {
       "type": "plain",
       "content": "it."
      }
     ]
    }
   ],
   "dir": null
  },
  {
   "type": "code_block",
   "content": [
    {
     "type": "plain",
     "content": "using System.IO.Compression;\n\n#pragma warning disable 414, 3021\n\nnamespace MyApplication\n{\n    [Obsolete(\"...\")]\n    class Program : IInterface\n    {\n        public static List<int> JustDoIt(int count)\n        {\n            Console.WriteLine($\"Hello {Name}!\");\n            return new List<int>(new int[] { 1, 2, 3 })\n        }\n    }\n}"
    }
   ],
   "language": "cs"
  },
  {
   "type": "paragraph",
   "content": [
    {
     "type": "text",
     "content": [
      {
       "type": "plain",
       "content": "Math inline"
      }
     ]
    },
    {
     "type": "text",
     "content": [
      {
       "type": "plain",
       "content": ":"
      }
     ]
    },
    {
     "type": "text",
     "content": [
      {
       "type": "plain",
       "content": "and block"
      }
     ]
    },
    {
     "type": "text",
     "content": [
      {
       "type": "plain",
       "content": ":"
      }
     ]
    }
   ],
   "dir": null
  },
  {
   "type": "paragraph",
   "content": [],
   "dir": null
  },
  {
   "type": "bullet_list",
   "content": [
    {
     "type": "list_item",
     "content": [
      {
       "type": "paragraph",
       "content": [
        {
         "type": "text",
         "content": [
          {
           "type": "plain",
           "content": "First item"
          }
         ]
        }
       ],
       "dir": null
      }
     ]
    },
    {
     "type": "list_item",
     "content": [
      {
       "type": "paragraph",
       "content": [
        {
         "type": "text",
         "content": [
          {
           "type": "plain",
           "content": "Second item"
          }
         ]
        }
       ],
       "dir": null
      },
      {
       "type": "ordered_list",
       "content": [
        {
         "type": "list_item",
         "content": [
          {
           "type": "paragraph",
           "content": [
            {
             "type": "text",
             "content": [
              {
               "type": "plain",
               "content": "First sub-item"
              }
             ]
            }
           ],
           "dir": null
          }
         ]
        },
        {
         "type": "list_item",
         "content": [
          {
           "type": "paragraph",
           "content": [
            {
             "type": "text",
             "content": [
              {
               "type": "plain",
               "content": "Second sub-item"
              }
             ]
            }
           ],
           "dir": null
          },
          {
           "type": "bullet_list",
           "content": [
            {
             "type": "list_item",
             "content": [
              {
               "type": "paragraph",
               "content": [
                {
                 "type": "text",
                 "content": [
                  {
                   "type": "plain",
                   "content": "First sub-sub-item"
                  }
                 ]
                }
               ],
               "dir": null
              }
             ]
            }
           ]
          }
         ]
        }
       ],
       "start": 1,
       "type": null
      }
     ]
    }
   ]
  },
  {
   "type": "paragraph",
   "content": [],
   "dir": null
  },
  {
   "type": "table",
   "content": [
    {
     "type": "table_row",
     "content": [
      {
       "type": "table_header",
       "content": [
        {
         "type": "text",
         "content": [
          {
           "type": "plain",
           "content": "0"
          }
         ]
        }
       ],
       "colwidth": null
      },
      {
       "type": "table_header",
       "content": [
        {
         "type": "text",
         "content": [
          {
           "type": "plain",
           "content": "1"
          }
         ]
        }
       ],
       "colwidth": null
      },
      {
       "type": "table_header",
       "content": [
        {
         "type": "text",
         "content": [
          {
           "type": "plain",
           "content": "2"
          }
         ]
        }
       ],
       "colwidth": null
      },
      {
       "type": "table_header",
       "content": [
        {
         "type": "text",
         "content": [
          {
           "type": "plain",
           "content": "3"
          }
         ]
        }
       ],
       "colwidth": null
      },
      {
       "type": "table_header",
       "content": [
        {
         "type": "text",
         "content": [
          {
           "type": "plain",
           "content": "4"
          }
         ]
        }
       ],
       "colwidth": null
      },
      {
       "type": "table_header",
       "content": [
        {
         "type": "text",
         "content": [
          {
           "type": "plain",
           "content": "5"
          }
         ]
        }
       ],
       "colwidth": null
      },
      {
       "type": "table_header",
       "content": [
        {
         "type": "text",
         "content": [
          {
           "type": "plain",
           "content": "6"
          }
         ]
        }
       ],
       "colwidth": null
      },
      {
       "type": "table_header",
       "content": [
        {
         "type": "text",
         "content": [
          {
           "type": "plain",
           "content": "7"
          }
         ]
        }
       ],
       "colwidth": null
      },
      {
       "type": "table_header",
       "content": [
        {
         "type": "text",
         "content": [
          {
           "type": "plain",
           "content": "8"
          }
         ]
        }
       ],
       "colwidth": null
      },
      {
       "type": "table_header",
       "content": [
        {
         "type": "text",
         "content": [
          {
           "type": "plain",
           "content": "9"
          }
         ]
        }
       ],
       "colwidth": null
      },
      {
       "type": "table_header",
       "content": [
        {
         "type": "text",
         "content": [
          {
           "type": "plain",
           "content": "10"
          }
         ]
        }
       ],
       "colwidth": null
      },
      {
       "type": "table_header",
       "content": [
        {
         "type": "text",
         "content": [
          {
           "type": "plain",
           "content": "11"
          }
         ]
        }
       ],
       "colwidth": null
      },
      {
       "type": "table_header",
       "content": [
        {
         "type": "text",
         "content": [
          {
           "type": "plain",
           "content": "12"
          }
         ]
        }
       ],
       "colwidth": null
      },
      {
       "type": "table_header",
       "content": [
        {
         "type": "text",
         "content": [
          {
           "type": "plain",
           "content": "13"
          }
         ]
        }
       ],
       "colwidth": null
      },
      {
       "type": "table_header",
       "content": [
        {
         "type": "text",
         "content": [
          {
           "type": "plain",
           "content": "14"
          }
         ]
        }
       ],
       "colwidth": null
      },
      {
       "type": "table_header",
       "content": [
        {
         "type": "text",
         "content": [
          {
           "type": "plain",
           "content": "15"
          }
         ]
        }
       ],
       "colwidth": null
      },
      {
       "type": "table_header",
       "content": [
        {
         "type": "text",
         "content": [
          {
           "type": "plain",
           "content": "16"
          }
         ]
        }
       ],
       "colwidth": null
      },
      {
       "type": "table_header",
       "content": [
        {
         "type": "text",
         "content": [
          {
           "type": "plain",
           "content": "17"
          }
         ]
        }
       ],
       "colwidth": null
      },
      {
       "type": "table_header",
       "content": [
        {
         "type": "text",
         "content": [
          {
           "type": "plain",
           "content": "18"
          }
         ]
        }
       ],
       "colwidth": null
      },
      {
       "type": "table_header",
       "content": [
        {
         "type": "text",
         "content": [
          {
           "type": "plain",
           "content": "19"
          }
         ]
        }
       ],
       "colwidth": null
      }
     ]
    }
   ]
  }
 ]
}
