---
source: crates/tyx-tiptap-typst/src/tests.rs
expression: conv(world)
input_file: crates/tyx-tiptap-typst/src/fixtures/integration/link.typ
---
{
 "type": "doc",
 "content": [
  {
   "type": "paragraph",
   "content": [
    {
     "type": "text",
     "marks": [
      {
       "type": "link",
       "class": null,
       "href": "https://example.com"
      }
     ],
     "text": "https://example.com"
    }
   ],
   "dir": null
  }
 ]
}
