---
source: crates/tyx-converters/src/tests.rs
expression: conv(world)
input_file: crates/tyx-converters/src/fixtures/integration/base.typ
---
{
 "root": {
  "children": [
   {
    "type": "heading",
    "children": [
     {
      "type": "text",
      "format": 0,
      "text": "Hello, World!",
      "type": "text"
     }
    ],
    "tag": "h2",
    "type": "heading"
   },
   {
    "type": "paragraph",
    "children": [
     {
      "type": "text",
      "format": 0,
      "text": "This is a typst document.",
      "type": "text"
     }
    ],
    "format": "",
    "type": "paragraph"
   }
  ],
  "type": "root"
 }
}
