---
source: crates/tyx-converters/src/tests.rs
expression: conv(world)
input_file: crates/tyx-converters/src/fixtures/integration/link.typ
---
{
 "root": {
  "type": "root",
  "children": [
   {
    "type": "paragraph",
    "children": [
     {
      "type": "link",
      "children": [
       {
        "type": "text",
        "format": 0,
        "text": "https://example.com"
       }
      ],
      "url": "https://example.com"
     }
    ],
    "format": ""
   }
  ]
 }
}
