---
source: crates/tyx-converters/src/tests.rs
expression: conv(world)
input_file: crates/tyx-converters/src/fixtures/integration/link.typ
---
{
 "root": {
  "children": [
   {
    "type": "paragraph",
    "children": [
     {
      "type": "link",
      "children": [
       {
        "type": "text",
        "format": 0,
        "text": "https://example.com",
        "type": "text"
       }
      ],
      "type": "link",
      "url": "https://example.com"
     }
    ],
    "format": "",
    "type": "paragraph"
   }
  ],
  "type": "root"
 }
}
