---
source: crates/tyx-tiptap-typst/src/tests.rs
expression: instrumented
input_file: crates/tyx-tiptap-typst/src/fixtures/instrument/code.typ
---
#let _tyx_instr(body, span: "1") = {
  html.elem("span", attrs: ("data-instr": "l", "data-span": span))
  [#body]
  html.elem("span", attrs: ("data-instr": "r", "data-span": span))
}
#let x = [ha];
#_tyx_instr(x, span: "135555555554a")#_tyx_instr(x, span: "13b6db6db6daa")
